../Core/Src/main.c:82:6:HAL_UART_RxCpltCallback	32	static
../Core/Src/main.c:125:5:main	256	static
../Core/Src/main.c:223:6:SystemClock_Config	72	static
../Core/Src/main.c:263:13:MX_TIM2_Init	48	static
../Core/Src/main.c:316:13:MX_TIM3_Init	56	static
../Core/Src/main.c:365:13:MX_TIM4_Init	56	static
../Core/Src/main.c:414:13:MX_USART3_UART_Init	8	static
../Core/Src/main.c:445:13:MX_DMA_Init	16	static
../Core/Src/main.c:463:13:MX_GPIO_Init	40	static
../Core/Src/main.c:505:6:Error_Handler	4	static,ignoring_inline_asm
